// Jest Snapshot v1, https://goo.gl/fbAQLP

exports[`Test on <FirstApp /> should match with snapshopt 1`] = `
<div>
  <h1
    data-testid="test-title"
  >
    Esto es el titulo
  </h1>
  <p>
    Esto es el subtitulo
  </p>
  <p>
    123
  </p>
</div>
`;
